%!Adobe-FontList 1.20
%Locale:0x409

%BeginFont
Handler:DirectoryHandler
FontType:TrueType
FontName:Fraunces-SemiboldOpMax
FamilyName:Fraunces
StyleName:Semibold OpMax
MenuName:Fraunces Semibold OpMax
StyleBits:0
WeightClass:630
WidthClass:5
AngleClass:0
FullName:Fraunces Semibold OpMax
WritingScript:Roman
OutlineFileName:/Users/Cadmon/Documents/GitHub/Fraunces/documentation/specimen/sources/booklet/DouglasHayes_Sketches/Document fonts/Fraunces-SemiboldOpMax.ttf
DataFormat:sfntData
hasSVG:no
VariableFontType:NonVariableFont
FileLength:14932
FileModTime:591370752
NameArray:0,Win,1,Fraunces Semibold OpMax
NameArray:0,Win,16,Fraunces
%EndFont

%BeginFont
Handler:DirectoryHandler
FontType:TrueType
FontName:FrauncesItalic-LightOpMax
FamilyName:Fraunces Italic
StyleName:Light OpMax
MenuName:Fraunces Italic Light OpMax
StyleBits:0
WeightClass:200
WidthClass:5
AngleClass:0
FullName:Fraunces Italic Light OpMax
WritingScript:Roman
OutlineFileName:/Users/Cadmon/Documents/GitHub/Fraunces/documentation/specimen/sources/booklet/DouglasHayes_Sketches/Document fonts/FrauncesItalic-LightOpMax.ttf
DataFormat:sfntData
hasSVG:no
VariableFontType:NonVariableFont
FileLength:16828
FileModTime:591370902
NameArray:0,Win,1,Fraunces Italic Light OpMax
NameArray:0,Win,16,Fraunces Italic
%EndFont

%BeginFont
Handler:DirectoryHandler
FontType:TrueType
FontName:Fraunces-ThinOpMin
FamilyName:Fraunces
StyleName:Thin OpMin
MenuName:Fraunces Thin OpMin
StyleBits:0
WeightClass:0
WidthClass:5
AngleClass:0
FullName:Fraunces Thin OpMin
WritingScript:Roman
OutlineFileName:/Users/Cadmon/Documents/GitHub/Fraunces/documentation/specimen/sources/booklet/DouglasHayes_Sketches/Document fonts/Fraunces-ThinOpMin.ttf
DataFormat:sfntData
hasSVG:no
VariableFontType:NonVariableFont
FileLength:15120
FileModTime:591370770
NameArray:0,Win,1,Fraunces Thin OpMin
NameArray:0,Win,16,Fraunces
%EndFont

%BeginFont
Handler:DirectoryHandler
FontType:TrueType
FontName:Fraunces-BoldOpMax
FamilyName:Fraunces
StyleName:Bold OpMax
MenuName:Fraunces Bold OpMax
StyleBits:0
WeightClass:815
WidthClass:5
AngleClass:0
FullName:Fraunces Bold OpMax
WritingScript:Roman
OutlineFileName:/Users/Cadmon/Documents/GitHub/Fraunces/documentation/specimen/sources/booklet/DouglasHayes_Sketches/Document fonts/Fraunces-BoldOpMax.ttf
DataFormat:sfntData
hasSVG:no
VariableFontType:NonVariableFont
FileLength:14924
FileModTime:591370748
NameArray:0,Win,1,Fraunces Bold OpMax
NameArray:0,Win,16,Fraunces
%EndFont

%BeginFont
Handler:DirectoryHandler
FontType:Invalid
OutlineFileName:/Users/Cadmon/Documents/GitHub/Fraunces/documentation/specimen/sources/booklet/DouglasHayes_Sketches/Document fonts/AdobeFnt20.lst
FileLength:16941
FileModTime:592205006
%EndFont

%BeginFont
Handler:DirectoryHandler
FontType:TrueType
FontName:Fraunces-BlackOpMin
FamilyName:Fraunces
StyleName:Black OpMin
MenuName:Fraunces Black OpMin
StyleBits:0
WeightClass:1000
WidthClass:5
AngleClass:0
FullName:Fraunces Black OpMin
WritingScript:Roman
OutlineFileName:/Users/Cadmon/Documents/GitHub/Fraunces/documentation/specimen/sources/booklet/DouglasHayes_Sketches/Document fonts/Fraunces-BlackOpMin.ttf
DataFormat:sfntData
hasSVG:no
VariableFontType:NonVariableFont
FileLength:16348
FileModTime:591370746
NameArray:0,Win,1,Fraunces Black OpMin
NameArray:0,Win,16,Fraunces
%EndFont

%BeginFont
Handler:DirectoryHandler
FontType:TrueType
FontName:FrauncesItalic-ThinOpMax
FamilyName:Fraunces Italic
StyleName:Thin OpMax
MenuName:Fraunces Italic Thin OpMax
StyleBits:0
WeightClass:0
WidthClass:5
AngleClass:0
FullName:Fraunces Italic Thin OpMax
WritingScript:Roman
OutlineFileName:/Users/Cadmon/Documents/GitHub/Fraunces/documentation/specimen/sources/booklet/DouglasHayes_Sketches/Document fonts/FrauncesItalic-ThinOpMax.ttf
DataFormat:sfntData
hasSVG:no
VariableFontType:NonVariableFont
FileLength:16764
FileModTime:591370908
NameArray:0,Win,1,Fraunces Italic Thin OpMax
NameArray:0,Win,16,Fraunces Italic
%EndFont

%BeginFont
Handler:DirectoryHandler
FontType:Invalid
OutlineFileName:/Users/Cadmon/Documents/GitHub/Fraunces/documentation/specimen/sources/booklet/DouglasHayes_Sketches/Document fonts/AdobeFnt21.lst
FileLength:17610
FileModTime:593124112
%EndFont

%BeginFont
Handler:DirectoryHandler
FontType:TrueType
FontName:Fraunces-RegularOpMax
FamilyName:Fraunces
StyleName:Regular OpMax
MenuName:Fraunces Regular OpMax
StyleBits:0
WeightClass:400
WidthClass:5
AngleClass:0
FullName:Fraunces Regular OpMax
WritingScript:Roman
OutlineFileName:/Users/Cadmon/Documents/GitHub/Fraunces/documentation/specimen/sources/booklet/DouglasHayes_Sketches/Document fonts/Fraunces-RegularOpMax.ttf
DataFormat:sfntData
hasSVG:no
VariableFontType:NonVariableFont
FileLength:14844
FileModTime:591370758
NameArray:0,Win,1,Fraunces Regular OpMax
NameArray:0,Win,16,Fraunces
%EndFont

%BeginFont
Handler:DirectoryHandler
FontType:TrueType
FontName:FrauncesItalic-BoldOpMin
FamilyName:Fraunces Italic
StyleName:Bold OpMin
MenuName:Fraunces Italic Bold OpMin
StyleBits:0
WeightClass:815
WidthClass:5
AngleClass:0
FullName:Fraunces Italic Bold OpMin
WritingScript:Roman
OutlineFileName:/Users/Cadmon/Documents/GitHub/Fraunces/documentation/specimen/sources/booklet/DouglasHayes_Sketches/Document fonts/FrauncesItalic-BoldOpMin.ttf
DataFormat:sfntData
hasSVG:no
VariableFontType:NonVariableFont
FileLength:17476
FileModTime:591370886
NameArray:0,Win,1,Fraunces Italic Bold OpMin
NameArray:0,Win,16,Fraunces Italic
%EndFont

%BeginFont
Handler:DirectoryHandler
FontType:TrueType
FontName:FrauncesItalic-RegularOpMid
FamilyName:Fraunces Italic
StyleName:Regular OpMid
MenuName:Fraunces Italic Regular OpMid
StyleBits:0
WeightClass:400
WidthClass:5
AngleClass:0
FullName:Fraunces Italic Regular OpMid
WritingScript:Roman
OutlineFileName:/Users/Cadmon/Documents/GitHub/Fraunces/documentation/specimen/sources/booklet/DouglasHayes_Sketches/Document fonts/FrauncesItalic-RegularOpMid.ttf
DataFormat:sfntData
hasSVG:no
VariableFontType:NonVariableFont
FileLength:16852
FileModTime:591370898
NameArray:0,Win,1,Fraunces Italic Regular OpMid
NameArray:0,Win,16,Fraunces Italic
%EndFont

%BeginFont
Handler:DirectoryHandler
FontType:TrueType
FontName:Fraunces-BoldOpMid
FamilyName:Fraunces
StyleName:Bold OpMid
MenuName:Fraunces Bold OpMid
StyleBits:0
WeightClass:815
WidthClass:5
AngleClass:0
FullName:Fraunces Bold OpMid
WritingScript:Roman
OutlineFileName:/Users/Cadmon/Documents/GitHub/Fraunces/documentation/specimen/sources/booklet/DouglasHayes_Sketches/Document fonts/Fraunces-BoldOpMid.ttf
DataFormat:sfntData
hasSVG:no
VariableFontType:NonVariableFont
FileLength:15392
FileModTime:591370750
NameArray:0,Win,1,Fraunces Bold OpMid
NameArray:0,Win,16,Fraunces
%EndFont

%BeginFont
Handler:DirectoryHandler
FontType:TrueType
FontName:Fraunces-SemiboldOpMid
FamilyName:Fraunces
StyleName:Semibold OpMid
MenuName:Fraunces Semibold OpMid
StyleBits:0
WeightClass:630
WidthClass:5
AngleClass:0
FullName:Fraunces Semibold OpMid
WritingScript:Roman
OutlineFileName:/Users/Cadmon/Documents/GitHub/Fraunces/documentation/specimen/sources/booklet/DouglasHayes_Sketches/Document fonts/Fraunces-SemiboldOpMid.ttf
DataFormat:sfntData
hasSVG:no
VariableFontType:NonVariableFont
FileLength:15296
FileModTime:591370754
NameArray:0,Win,1,Fraunces Semibold OpMid
NameArray:0,Win,16,Fraunces
%EndFont

%BeginFont
Handler:DirectoryHandler
FontType:TrueType
FontName:FrauncesItalic-BlackOpMax
FamilyName:Fraunces Italic
StyleName:Black OpMax
MenuName:Fraunces Italic Black OpMax
StyleBits:0
WeightClass:1000
WidthClass:5
AngleClass:0
FullName:Fraunces Italic Black OpMax
WritingScript:Roman
OutlineFileName:/Users/Cadmon/Documents/GitHub/Fraunces/documentation/specimen/sources/booklet/DouglasHayes_Sketches/Document fonts/FrauncesItalic-BlackOpMax.ttf
DataFormat:sfntData
hasSVG:no
VariableFontType:NonVariableFont
FileLength:17188
FileModTime:591370876
NameArray:0,Win,1,Fraunces Italic Black OpMax
NameArray:0,Win,16,Fraunces Italic
%EndFont

%BeginFont
Handler:DirectoryHandler
FontType:TrueType
FontName:Fraunces-RegularOpMid
FamilyName:Fraunces
StyleName:Regular OpMid
MenuName:Fraunces Regular OpMid
StyleBits:0
WeightClass:400
WidthClass:5
AngleClass:0
FullName:Fraunces Regular OpMid
WritingScript:Roman
OutlineFileName:/Users/Cadmon/Documents/GitHub/Fraunces/documentation/specimen/sources/booklet/DouglasHayes_Sketches/Document fonts/Fraunces-RegularOpMid.ttf
DataFormat:sfntData
hasSVG:no
VariableFontType:NonVariableFont
FileLength:15072
FileModTime:591370758
NameArray:0,Win,1,Fraunces Regular OpMid
NameArray:0,Win,16,Fraunces
%EndFont

%BeginFont
Handler:DirectoryHandler
FontType:TrueType
FontName:FrauncesItalic-RegularOpMax
FamilyName:Fraunces Italic
StyleName:Regular OpMax
MenuName:Fraunces Italic Regular OpMax
StyleBits:0
WeightClass:400
WidthClass:5
AngleClass:0
FullName:Fraunces Italic Regular OpMax
WritingScript:Roman
OutlineFileName:/Users/Cadmon/Documents/GitHub/Fraunces/documentation/specimen/sources/booklet/DouglasHayes_Sketches/Document fonts/FrauncesItalic-RegularOpMax.ttf
DataFormat:sfntData
hasSVG:no
VariableFontType:NonVariableFont
FileLength:16860
FileModTime:591370896
NameArray:0,Win,1,Fraunces Italic Regular OpMax
NameArray:0,Win,16,Fraunces Italic
%EndFont

%BeginFont
Handler:DirectoryHandler
FontType:TrueType
FontName:FrauncesItalic-ThinOpMid
FamilyName:Fraunces Italic
StyleName:Thin OpMid
MenuName:Fraunces Italic Thin OpMid
StyleBits:0
WeightClass:0
WidthClass:5
AngleClass:0
FullName:Fraunces Italic Thin OpMid
WritingScript:Roman
OutlineFileName:/Users/Cadmon/Documents/GitHub/Fraunces/documentation/specimen/sources/booklet/DouglasHayes_Sketches/Document fonts/FrauncesItalic-ThinOpMid.ttf
DataFormat:sfntData
hasSVG:no
VariableFontType:NonVariableFont
FileLength:16804
FileModTime:591370910
NameArray:0,Win,1,Fraunces Italic Thin OpMid
NameArray:0,Win,16,Fraunces Italic
%EndFont

%BeginFont
Handler:DirectoryHandler
FontType:TrueType
FontName:FrauncesItalic-SemiboldOpMin
FamilyName:Fraunces Italic
StyleName:Semibold OpMin
MenuName:Fraunces Italic Semibold OpMin
StyleBits:0
WeightClass:630
WidthClass:5
AngleClass:0
FullName:Fraunces Italic Semibold OpMin
WritingScript:Roman
OutlineFileName:/Users/Cadmon/Documents/GitHub/Fraunces/documentation/specimen/sources/booklet/DouglasHayes_Sketches/Document fonts/FrauncesItalic-SemiboldOpMin.ttf
DataFormat:sfntData
hasSVG:no
VariableFontType:NonVariableFont
FileLength:17360
FileModTime:591370894
NameArray:0,Win,1,Fraunces Italic Semibold OpMin
NameArray:0,Win,16,Fraunces Italic
%EndFont

%BeginFont
Handler:DirectoryHandler
FontType:TrueType
FontName:Fraunces-SemiboldOpMin
FamilyName:Fraunces
StyleName:Semibold OpMin
MenuName:Fraunces Semibold OpMin
StyleBits:0
WeightClass:630
WidthClass:5
AngleClass:0
FullName:Fraunces Semibold OpMin
WritingScript:Roman
OutlineFileName:/Users/Cadmon/Documents/GitHub/Fraunces/documentation/specimen/sources/booklet/DouglasHayes_Sketches/Document fonts/Fraunces-SemiboldOpMin.ttf
DataFormat:sfntData
hasSVG:no
VariableFontType:NonVariableFont
FileLength:15756
FileModTime:591370756
NameArray:0,Win,1,Fraunces Semibold OpMin
NameArray:0,Win,16,Fraunces
%EndFont

%BeginFont
Handler:DirectoryHandler
FontType:TrueType
FontName:Fraunces-ThinOpMax
FamilyName:Fraunces
StyleName:Thin OpMax
MenuName:Fraunces Thin OpMax
StyleBits:0
WeightClass:0
WidthClass:5
AngleClass:0
FullName:Fraunces Thin OpMax
WritingScript:Roman
OutlineFileName:/Users/Cadmon/Documents/GitHub/Fraunces/documentation/specimen/sources/booklet/DouglasHayes_Sketches/Document fonts/Fraunces-ThinOpMax.ttf
DataFormat:sfntData
hasSVG:no
VariableFontType:NonVariableFont
FileLength:14752
FileModTime:591370766
NameArray:0,Win,1,Fraunces Thin OpMax
NameArray:0,Win,16,Fraunces
%EndFont

%BeginFont
Handler:DirectoryHandler
FontType:TrueType
FontName:Fraunces-BoldOpMin
FamilyName:Fraunces
StyleName:Bold OpMin
MenuName:Fraunces Bold OpMin
StyleBits:0
WeightClass:815
WidthClass:5
AngleClass:0
FullName:Fraunces Bold OpMin
WritingScript:Roman
OutlineFileName:/Users/Cadmon/Documents/GitHub/Fraunces/documentation/specimen/sources/booklet/DouglasHayes_Sketches/Document fonts/Fraunces-BoldOpMin.ttf
DataFormat:sfntData
hasSVG:no
VariableFontType:NonVariableFont
FileLength:15956
FileModTime:591370752
NameArray:0,Win,1,Fraunces Bold OpMin
NameArray:0,Win,16,Fraunces
%EndFont

%BeginFont
Handler:DirectoryHandler
FontType:TrueType
FontName:Fraunces-BlackOpMax
FamilyName:Fraunces
StyleName:Black OpMax
MenuName:Fraunces Black OpMax
StyleBits:0
WeightClass:1000
WidthClass:5
AngleClass:0
FullName:Fraunces Black OpMax
WritingScript:Roman
OutlineFileName:/Users/Cadmon/Documents/GitHub/Fraunces/documentation/specimen/sources/booklet/DouglasHayes_Sketches/Document fonts/Fraunces-BlackOpMax.ttf
DataFormat:sfntData
hasSVG:no
VariableFontType:NonVariableFont
FileLength:14968
FileModTime:591370744
NameArray:0,Win,1,Fraunces Black OpMax
NameArray:0,Win,16,Fraunces
%EndFont

%BeginFont
Handler:DirectoryHandler
FontType:TrueType
FontName:FrauncesItalic-ThinOpMin
FamilyName:Fraunces Italic
StyleName:Thin OpMin
MenuName:Fraunces Italic Thin OpMin
StyleBits:0
WeightClass:0
WidthClass:5
AngleClass:0
FullName:Fraunces Italic Thin OpMin
WritingScript:Roman
OutlineFileName:/Users/Cadmon/Documents/GitHub/Fraunces/documentation/specimen/sources/booklet/DouglasHayes_Sketches/Document fonts/FrauncesItalic-ThinOpMin.ttf
DataFormat:sfntData
hasSVG:no
VariableFontType:NonVariableFont
FileLength:17092
FileModTime:591370912
NameArray:0,Win,1,Fraunces Italic Thin OpMin
NameArray:0,Win,16,Fraunces Italic
%EndFont

%BeginFont
Handler:DirectoryHandler
FontType:TrueType
FontName:FrauncesItalic-SemiboldOpMid
FamilyName:Fraunces Italic
StyleName:Semibold OpMid
MenuName:Fraunces Italic Semibold OpMid
StyleBits:0
WeightClass:630
WidthClass:5
AngleClass:0
FullName:Fraunces Italic Semibold OpMid
WritingScript:Roman
OutlineFileName:/Users/Cadmon/Documents/GitHub/Fraunces/documentation/specimen/sources/booklet/DouglasHayes_Sketches/Document fonts/FrauncesItalic-SemiboldOpMid.ttf
DataFormat:sfntData
hasSVG:no
VariableFontType:NonVariableFont
FileLength:17024
FileModTime:591370890
NameArray:0,Win,1,Fraunces Italic Semibold OpMid
NameArray:0,Win,16,Fraunces Italic
%EndFont

%BeginFont
Handler:DirectoryHandler
FontType:TrueType
FontName:Fraunces-RegularOpMin
FamilyName:Fraunces
StyleName:Regular OpMin
MenuName:Fraunces Regular OpMin
StyleBits:0
WeightClass:400
WidthClass:5
AngleClass:0
FullName:Fraunces Regular OpMin
WritingScript:Roman
OutlineFileName:/Users/Cadmon/Documents/GitHub/Fraunces/documentation/specimen/sources/booklet/DouglasHayes_Sketches/Document fonts/Fraunces-RegularOpMin.ttf
DataFormat:sfntData
hasSVG:no
VariableFontType:NonVariableFont
FileLength:15484
FileModTime:591370760
NameArray:0,Win,1,Fraunces Regular OpMin
NameArray:0,Win,16,Fraunces
%EndFont

%BeginFont
Handler:DirectoryHandler
FontType:TrueType
FontName:FrauncesItalic-BoldOpMax
FamilyName:Fraunces Italic
StyleName:Bold OpMax
MenuName:Fraunces Italic Bold OpMax
StyleBits:0
WeightClass:815
WidthClass:5
AngleClass:0
FullName:Fraunces Italic Bold OpMax
WritingScript:Roman
OutlineFileName:/Users/Cadmon/Documents/GitHub/Fraunces/documentation/specimen/sources/booklet/DouglasHayes_Sketches/Document fonts/FrauncesItalic-BoldOpMax.ttf
DataFormat:sfntData
hasSVG:no
VariableFontType:NonVariableFont
FileLength:17024
FileModTime:591370882
NameArray:0,Win,1,Fraunces Italic Bold OpMax
NameArray:0,Win,16,Fraunces Italic
%EndFont

%BeginFont
Handler:DirectoryHandler
FontType:TrueType
FontName:Fraunces-ThinOpMid
FamilyName:Fraunces
StyleName:Thin OpMid
MenuName:Fraunces Thin OpMid
StyleBits:0
WeightClass:0
WidthClass:5
AngleClass:0
FullName:Fraunces Thin OpMid
WritingScript:Roman
OutlineFileName:/Users/Cadmon/Documents/GitHub/Fraunces/documentation/specimen/sources/booklet/DouglasHayes_Sketches/Document fonts/Fraunces-ThinOpMid.ttf
DataFormat:sfntData
hasSVG:no
VariableFontType:NonVariableFont
FileLength:14960
FileModTime:591370768
NameArray:0,Win,1,Fraunces Thin OpMid
NameArray:0,Win,16,Fraunces
%EndFont

%BeginFont
Handler:DirectoryHandler
FontType:TrueType
FontName:FrauncesItalic-BoldOpMid
FamilyName:Fraunces Italic
StyleName:Bold OpMid
MenuName:Fraunces Italic Bold OpMid
StyleBits:0
WeightClass:815
WidthClass:5
AngleClass:0
FullName:Fraunces Italic Bold OpMid
WritingScript:Roman
OutlineFileName:/Users/Cadmon/Documents/GitHub/Fraunces/documentation/specimen/sources/booklet/DouglasHayes_Sketches/Document fonts/FrauncesItalic-BoldOpMid.ttf
DataFormat:sfntData
hasSVG:no
VariableFontType:NonVariableFont
FileLength:17132
FileModTime:591370884
NameArray:0,Win,1,Fraunces Italic Bold OpMid
NameArray:0,Win,16,Fraunces Italic
%EndFont

%BeginFont
Handler:DirectoryHandler
FontType:TrueType
FontName:FrauncesItalic-RegularOpMin
FamilyName:Fraunces Italic
StyleName:Regular OpMin
MenuName:Fraunces Italic Regular OpMin
StyleBits:0
WeightClass:400
WidthClass:5
AngleClass:0
FullName:Fraunces Italic Regular OpMin
WritingScript:Roman
OutlineFileName:/Users/Cadmon/Documents/GitHub/Fraunces/documentation/specimen/sources/booklet/DouglasHayes_Sketches/Document fonts/FrauncesItalic-RegularOpMin.ttf
DataFormat:sfntData
hasSVG:no
VariableFontType:NonVariableFont
FileLength:17108
FileModTime:591370900
NameArray:0,Win,1,Fraunces Italic Regular OpMin
NameArray:0,Win,16,Fraunces Italic
%EndFont

%BeginFont
Handler:DirectoryHandler
FontType:TrueType
FontName:Fraunces-LightOpMax
FamilyName:Fraunces
StyleName:Light OpMax
MenuName:Fraunces Light OpMax
StyleBits:0
WeightClass:200
WidthClass:5
AngleClass:0
FullName:Fraunces Light OpMax
WritingScript:Roman
OutlineFileName:/Users/Cadmon/Documents/GitHub/Fraunces/documentation/specimen/sources/booklet/DouglasHayes_Sketches/Document fonts/Fraunces-LightOpMax.ttf
DataFormat:sfntData
hasSVG:no
VariableFontType:NonVariableFont
FileLength:14756
FileModTime:591370762
NameArray:0,Win,1,Fraunces Light OpMax
NameArray:0,Win,16,Fraunces
%EndFont

