%!Adobe-FontList 1.20
%Locale:0x409

%BeginFont
Handler:DirectoryHandler
FontType:Type1
FontName:FrauncesItalic-BlackOpMinGoofyMin
FamilyName:Fraunces Italic
StyleName:Black OpMin GoofyMin
MenuName:Fraunces Italic Black OpMin GoofyMin
StyleBits:0
WeightClass:400
WidthClass:5
AngleClass:0
FullName:Fraunces Italic Black OpMin GoofyMin
WritingScript:Roman
OutlineFileName:/Users/ethan/Documents/GitHub/Fraunces/documentation/proofs/010619/Document fonts/FrauncesItalic-BlackOpMinGoofyMin.otf
DataFormat:sfntData
UsesStandardEncoding:yes
isCFF:yes
hasSVG:no
VariableFontType:NonVariableFont
FileLength:68060
FileModTime:600033839
NameArray:0,Mac,18,Fraunces It Black OpMin GoofyMin
NameArray:0,Mac,4,Fraunces Italic Black OpMin GoofyMin
NameArray:0,Win,1,Fraunces Italic Black OpMin GoofyMin
NameArray:0,Win,16,Fraunces Italic
%EndFont

%BeginFont
Handler:DirectoryHandler
FontType:Type1
FontName:FrauncesItalic-BlackOpMaxGoofyMax
FamilyName:Fraunces Italic
StyleName:Black OpMax GoofyMax
MenuName:Fraunces Italic Black OpMax GoofyMax
StyleBits:0
WeightClass:400
WidthClass:5
AngleClass:0
FullName:Fraunces Italic Black OpMax GoofyMax
WritingScript:Roman
OutlineFileName:/Users/ethan/Documents/GitHub/Fraunces/documentation/proofs/010619/Document fonts/FrauncesItalic-BlackOpMaxGoofyMax.otf
DataFormat:sfntData
UsesStandardEncoding:yes
isCFF:yes
hasSVG:no
VariableFontType:NonVariableFont
FileLength:42692
FileModTime:600033813
NameArray:0,Mac,18,Fraunces It Black OpMax GoofyMax
NameArray:0,Mac,4,Fraunces Italic Black OpMax GoofyMax
NameArray:0,Win,1,Fraunces Italic Black OpMax GoofyMax
NameArray:0,Win,16,Fraunces Italic
%EndFont

%BeginFont
Handler:DirectoryHandler
FontType:Type1
FontName:Fraunces-LightOpMin
FamilyName:Fraunces
StyleName:Light OpMin GoofyMax
MenuName:Fraunces Light OpMin GoofyMax
StyleBits:0
WeightClass:400
WidthClass:5
AngleClass:0
FullName:Fraunces Light OpMin GoofyMax
WritingScript:Roman
OutlineFileName:/Users/ethan/Documents/GitHub/Fraunces/documentation/proofs/010619/Document fonts/Fraunces-LightOpMin.otf
DataFormat:sfntData
UsesStandardEncoding:yes
isCFF:yes
hasSVG:no
VariableFontType:NonVariableFont
FileLength:72140
FileModTime:600033896
NameArray:0,Mac,4,Fraunces Light OpMin GoofyMax
NameArray:0,Win,1,Fraunces Light OpMin GoofyMax
NameArray:0,Win,16,Fraunces
%EndFont

%BeginFont
Handler:DirectoryHandler
FontType:Invalid
OutlineFileName:/Users/ethan/Documents/GitHub/Fraunces/documentation/proofs/010619/Document fonts/.DS_Store
FileLength:12292
FileModTime:600034178
%EndFont

%BeginFont
Handler:DirectoryHandler
FontType:Invalid
OutlineFileName:/Users/ethan/Documents/GitHub/Fraunces/documentation/proofs/010619/Document fonts/AdobeFnt21.lst
FileLength:13593
FileModTime:600034517
%EndFont

%BeginFont
Handler:DirectoryHandler
FontType:Type1
FontName:Fraunces-ItalicLightOpMin
FamilyName:Fraunces Italic
StyleName:Light OpMin GoofyMax
MenuName:Fraunces Italic Light OpMin GoofyMax
StyleBits:0
WeightClass:400
WidthClass:5
AngleClass:0
FullName:Fraunces Italic Light OpMin GoofyMax
WritingScript:Roman
OutlineFileName:/Users/ethan/Documents/GitHub/Fraunces/documentation/proofs/010619/Document fonts/Fraunces-ItalicLightOpMin.otf
DataFormat:sfntData
UsesStandardEncoding:yes
isCFF:yes
hasSVG:no
VariableFontType:NonVariableFont
FileLength:43600
FileModTime:600033802
NameArray:0,Mac,18,Fraunces It Light OpMin GoofyMax
NameArray:0,Mac,4,Fraunces Italic Light OpMin GoofyMax
NameArray:0,Win,1,Fraunces Italic Light OpMin GoofyMax
NameArray:0,Win,16,Fraunces Italic
%EndFont

%BeginFont
Handler:DirectoryHandler
FontType:Type1
FontName:Fraunces-BlackOpMin
FamilyName:Fraunces
StyleName:Black OpMin GoofyMax
MenuName:Fraunces Black OpMin GoofyMax
StyleBits:0
WeightClass:400
WidthClass:5
AngleClass:0
FullName:Fraunces Black OpMin GoofyMax
WritingScript:Roman
OutlineFileName:/Users/ethan/Documents/GitHub/Fraunces/documentation/proofs/010619/Document fonts/Fraunces-BlackOpMin.otf
DataFormat:sfntData
UsesStandardEncoding:yes
isCFF:yes
hasSVG:no
VariableFontType:NonVariableFont
FileLength:63944
FileModTime:600034098
NameArray:0,Mac,4,Fraunces Black OpMin GoofyMax
NameArray:0,Win,1,Fraunces Black OpMin GoofyMax
NameArray:0,Win,16,Fraunces
%EndFont

%BeginFont
Handler:DirectoryHandler
FontType:Type1
FontName:Fraunces-BlackOptMax
FamilyName:Fraunces
StyleName:Black OpMax GoofyMin
MenuName:Fraunces Black OpMax GoofyMin
StyleBits:0
WeightClass:400
WidthClass:5
AngleClass:0
FullName:Fraunces Black OpMax GoofyMin
WritingScript:Roman
OutlineFileName:/Users/ethan/Documents/GitHub/Fraunces/documentation/proofs/010619/Document fonts/Fraunces-BlackOptMax.otf
DataFormat:sfntData
UsesStandardEncoding:yes
isCFF:yes
hasSVG:no
VariableFontType:NonVariableFont
FileLength:69228
FileModTime:600034112
NameArray:0,Mac,4,Fraunces Black OpMax GoofyMin
NameArray:0,Win,1,Fraunces Black OpMax GoofyMin
NameArray:0,Win,16,Fraunces
%EndFont

%BeginFont
Handler:DirectoryHandler
FontType:Type1
FontName:Fraunces-LightOpMaxGoofyMin
FamilyName:Fraunces
StyleName:Light Op Max Goofy Min
MenuName:Fraunces Light Op Max Goofy Min
StyleBits:0
WeightClass:400
WidthClass:5
AngleClass:0
FullName:Fraunces Light Op Max Goofy Min
WritingScript:Roman
OutlineFileName:/Users/ethan/Documents/GitHub/Fraunces/documentation/proofs/010619/Document fonts/Fraunces-LightOpMaxGoofyMin.otf
DataFormat:sfntData
UsesStandardEncoding:yes
isCFF:yes
hasSVG:no
VariableFontType:NonVariableFont
FileLength:15092
FileModTime:600013550
NameArray:0,Mac,4,Fraunces Light Op Max Goofy Min
NameArray:0,Win,1,Fraunces Light Op Max Goofy Min
NameArray:0,Win,16,Fraunces
%EndFont

%BeginFont
Handler:DirectoryHandler
FontType:Type1
FontName:IBMPlexMono-Bold
FamilyName:IBM Plex Mono
StyleName:Bold
MenuName:IBM Plex Mono
StyleBits:2
WeightClass:700
WidthClass:5
AngleClass:0
FullName:IBM Plex Mono Bold
WritingScript:Roman
OutlineFileName:/Users/ethan/Documents/GitHub/Fraunces/documentation/proofs/010619/Document fonts/IBMPlexMono-Bold.otf
DataFormat:sfntData
UsesStandardEncoding:yes
isCFF:yes
hasSVG:no
VariableFontType:NonVariableFont
FileLength:64980
FileModTime:535643914
NameArray:0,Mac,4,IBM Plex Mono Bold
NameArray:0,Win,1,IBM Plex Mono
%EndFont

%BeginFont
Handler:DirectoryHandler
FontType:Type1
FontName:Fraunces-BlackOpMaxGoofyMax
FamilyName:Fraunces
StyleName:Black OpMax GoofyMax
MenuName:Fraunces Black OpMax GoofyMax
StyleBits:0
WeightClass:400
WidthClass:5
AngleClass:0
FullName:Fraunces Black OpMax GoofyMax
WritingScript:Roman
OutlineFileName:/Users/ethan/Documents/GitHub/Fraunces/documentation/proofs/010619/Document fonts/Fraunces-BlackOpMaxGoofyMax.otf
DataFormat:sfntData
UsesStandardEncoding:yes
isCFF:yes
hasSVG:no
VariableFontType:NonVariableFont
FileLength:68488
FileModTime:600034129
NameArray:0,Mac,4,Fraunces Black OpMax GoofyMax
NameArray:0,Win,1,Fraunces Black OpMax GoofyMax
NameArray:0,Win,16,Fraunces
%EndFont

%BeginFont
Handler:DirectoryHandler
FontType:Type1
FontName:Fraunces-BlackOpMinGoofyMin
FamilyName:Fraunces
StyleName:Black OpMin GoofyMin
MenuName:Fraunces Black OpMin GoofyMin
StyleBits:0
WeightClass:400
WidthClass:5
AngleClass:0
FullName:Fraunces Black OpMin GoofyMin
WritingScript:Roman
OutlineFileName:/Users/ethan/Documents/GitHub/Fraunces/documentation/proofs/010619/Document fonts/Fraunces-BlackOpMinGoofyMin.otf
DataFormat:sfntData
UsesStandardEncoding:yes
isCFF:yes
hasSVG:no
VariableFontType:NonVariableFont
FileLength:67044
FileModTime:600033959
NameArray:0,Mac,4,Fraunces Black OpMin GoofyMin
NameArray:0,Win,1,Fraunces Black OpMin GoofyMin
NameArray:0,Win,16,Fraunces
%EndFont

%BeginFont
Handler:DirectoryHandler
FontType:Type1
FontName:Fraunces-ItalicBlackOpMin
FamilyName:Fraunces Italic
StyleName:Black OpMin GoofyMax
MenuName:Fraunces Italic Black OpMin GoofyMax
StyleBits:0
WeightClass:400
WidthClass:5
AngleClass:0
FullName:Fraunces Italic Black OpMin GoofyMax
WritingScript:Roman
OutlineFileName:/Users/ethan/Documents/GitHub/Fraunces/documentation/proofs/010619/Document fonts/Fraunces-ItalicBlackOpMin.otf
DataFormat:sfntData
UsesStandardEncoding:yes
isCFF:yes
hasSVG:no
VariableFontType:NonVariableFont
FileLength:68072
FileModTime:600033777
NameArray:0,Mac,18,Fraunces It Black OpMin GoofyMax
NameArray:0,Mac,4,Fraunces Italic Black OpMin GoofyMax
NameArray:0,Win,1,Fraunces Italic Black OpMin GoofyMax
NameArray:0,Win,16,Fraunces Italic
%EndFont

%BeginFont
Handler:DirectoryHandler
FontType:Type1
FontName:Fraunces-LightOpMax
FamilyName:Fraunces
StyleName:Light OpMax GoofyMin
MenuName:Fraunces Light OpMax GoofyMin
StyleBits:0
WeightClass:400
WidthClass:5
AngleClass:0
FullName:Fraunces Light OpMax GoofyMin
WritingScript:Roman
OutlineFileName:/Users/ethan/Documents/GitHub/Fraunces/documentation/proofs/010619/Document fonts/Fraunces-LightOpMax.otf
DataFormat:sfntData
UsesStandardEncoding:yes
isCFF:yes
hasSVG:no
VariableFontType:NonVariableFont
FileLength:69556
FileModTime:600033929
NameArray:0,Mac,4,Fraunces Light OpMax GoofyMin
NameArray:0,Win,1,Fraunces Light OpMax GoofyMin
NameArray:0,Win,16,Fraunces
%EndFont

%BeginFont
Handler:DirectoryHandler
FontType:Type1
FontName:FrauncesItalic-LightOpMaxGoofyMax
FamilyName:Fraunces Italic
StyleName:Light OpMax GoofyMax
MenuName:Fraunces Italic Light OpMax GoofyMax
StyleBits:0
WeightClass:400
WidthClass:5
AngleClass:0
FullName:Fraunces Italic Light OpMax GoofyMax
WritingScript:Roman
OutlineFileName:/Users/ethan/Documents/GitHub/Fraunces/documentation/proofs/010619/Document fonts/FrauncesItalic-LightOpMaxGoofyMax.otf
DataFormat:sfntData
UsesStandardEncoding:yes
isCFF:yes
hasSVG:no
VariableFontType:NonVariableFont
FileLength:18332
FileModTime:600033737
NameArray:0,Mac,18,Fraunces It Light OpMax GoofyMax
NameArray:0,Mac,4,Fraunces Italic Light OpMax GoofyMax
NameArray:0,Win,1,Fraunces Italic Light OpMax GoofyMax
NameArray:0,Win,16,Fraunces Italic
%EndFont

%BeginFont
Handler:DirectoryHandler
FontType:Type1
FontName:FrauncesItalic-LightOpMinGoofyMin
FamilyName:Fraunces Italic
StyleName:Light OpMin GoofyMin
MenuName:Fraunces Italic Light OpMin GoofyMin
StyleBits:0
WeightClass:400
WidthClass:5
AngleClass:0
FullName:Fraunces Italic Light OpMin GoofyMin
WritingScript:Roman
OutlineFileName:/Users/ethan/Documents/GitHub/Fraunces/documentation/proofs/010619/Document fonts/FrauncesItalic-LightOpMinGoofyMin.otf
DataFormat:sfntData
UsesStandardEncoding:yes
isCFF:yes
hasSVG:no
VariableFontType:NonVariableFont
FileLength:44852
FileModTime:600033790
NameArray:0,Mac,18,Fraunces It Light OpMin GoofyMin
NameArray:0,Mac,4,Fraunces Italic Light OpMin GoofyMin
NameArray:0,Win,1,Fraunces Italic Light OpMin GoofyMin
NameArray:0,Win,16,Fraunces Italic
%EndFont

%BeginFont
Handler:DirectoryHandler
FontType:Type1
FontName:Fraunces-LightOpMinGoofyMin
FamilyName:Fraunces
StyleName:Light OpMin GoofyMin
MenuName:Fraunces Light OpMin GoofyMin
StyleBits:0
WeightClass:400
WidthClass:5
AngleClass:0
FullName:Fraunces Light OpMin GoofyMin
WritingScript:Roman
OutlineFileName:/Users/ethan/Documents/GitHub/Fraunces/documentation/proofs/010619/Document fonts/Fraunces-LightOpMinGoofyMin.otf
DataFormat:sfntData
UsesStandardEncoding:yes
isCFF:yes
hasSVG:no
VariableFontType:NonVariableFont
FileLength:70488
FileModTime:600033911
NameArray:0,Mac,4,Fraunces Light OpMin GoofyMin
NameArray:0,Win,1,Fraunces Light OpMin GoofyMin
NameArray:0,Win,16,Fraunces
%EndFont

%BeginFont
Handler:DirectoryHandler
FontType:Type1
FontName:Fraunces-LightOpMaxGoofyMax
FamilyName:Fraunces
StyleName:Light OpMax GoofyMax
MenuName:Fraunces Light OpMax GoofyMax
StyleBits:0
WeightClass:400
WidthClass:5
AngleClass:0
FullName:Fraunces Light OpMax GoofyMax
WritingScript:Roman
OutlineFileName:/Users/ethan/Documents/GitHub/Fraunces/documentation/proofs/010619/Document fonts/Fraunces-LightOpMaxGoofyMax.otf
DataFormat:sfntData
UsesStandardEncoding:yes
isCFF:yes
hasSVG:no
VariableFontType:NonVariableFont
FileLength:72912
FileModTime:600033943
NameArray:0,Mac,4,Fraunces Light OpMax GoofyMax
NameArray:0,Win,1,Fraunces Light OpMax GoofyMax
NameArray:0,Win,16,Fraunces
%EndFont

%BeginFont
Handler:DirectoryHandler
FontType:Invalid
OutlineFileName:/Users/ethan/Documents/GitHub/Fraunces/documentation/proofs/010619/Document fonts/LICENSE.txt
FileLength:4456
FileModTime:539256724
%EndFont

%BeginFont
Handler:DirectoryHandler
FontType:Type1
FontName:Fraunces-ItalicBlackOptMax
FamilyName:Fraunces Italic
StyleName:Black OpMax GoofyMin
MenuName:Fraunces Italic Black OpMax GoofyMin
StyleBits:0
WeightClass:400
WidthClass:5
AngleClass:0
FullName:Fraunces Italic Black OpMax GoofyMin
WritingScript:Roman
OutlineFileName:/Users/ethan/Documents/GitHub/Fraunces/documentation/proofs/010619/Document fonts/Fraunces-ItalicBlackOptMax.otf
DataFormat:sfntData
UsesStandardEncoding:yes
isCFF:yes
hasSVG:no
VariableFontType:NonVariableFont
FileLength:68496
FileModTime:600033755
NameArray:0,Mac,18,Fraunces It Black OpMax GoofyMin
NameArray:0,Mac,4,Fraunces Italic Black OpMax GoofyMin
NameArray:0,Win,1,Fraunces Italic Black OpMax GoofyMin
NameArray:0,Win,16,Fraunces Italic
%EndFont

%BeginFont
Handler:DirectoryHandler
FontType:Type1
FontName:IBMPlexMono-Light
FamilyName:IBM Plex Mono
StyleName:Light
MenuName:IBM Plex Mono Light
StyleBits:0
WeightClass:300
WidthClass:5
AngleClass:0
FullName:IBM Plex Mono Light
WritingScript:Roman
OutlineFileName:/Users/ethan/Documents/GitHub/Fraunces/documentation/proofs/010619/Document fonts/IBMPlexMono-Light.otf
DataFormat:sfntData
UsesStandardEncoding:yes
isCFF:yes
hasSVG:no
VariableFontType:NonVariableFont
FileLength:62708
FileModTime:535643914
NameArray:0,Mac,4,IBM Plex Mono Light
NameArray:0,Win,1,IBM Plex Mono Light
NameArray:0,Win,16,IBM Plex Mono
%EndFont

