%!Adobe-FontList 1.20
%Locale:0x409

%BeginFont
Handler:DirectoryHandler
FontType:Invalid
OutlineFileName:/Users/ethan/Documents/GitHub/Fraunces/documentation/proofs/011220/Document fonts/.DS_Store
FileLength:12292
FileModTime:600550609
%EndFont

%BeginFont
Handler:DirectoryHandler
FontType:Invalid
OutlineFileName:/Users/ethan/Documents/GitHub/Fraunces/documentation/proofs/011220/Document fonts/AdobeFnt21.lst
FileLength:13782
FileModTime:600551390
%EndFont

%BeginFont
Handler:DirectoryHandler
FontType:Type1
FontName:FrauncesItalic-BlackOpMaxGoofyMax
FamilyName:Fraunces Italic
StyleName:Black OpMax GoofyMax
MenuName:Fraunces Italic Black OpMax GoofyMax
StyleBits:0
WeightClass:400
WidthClass:5
AngleClass:0
FullName:Fraunces Italic Black OpMax GoofyMax
WritingScript:Roman
OutlineFileName:/Users/ethan/Documents/GitHub/Fraunces/documentation/proofs/011220/Document fonts/Fraunces_Italic-Black_OpMax_GoofyMax.otf
DataFormat:sfntData
UsesStandardEncoding:yes
isCFF:yes
hasSVG:no
VariableFontType:NonVariableFont
FileLength:64244
FileModTime:600549313
NameArray:0,Mac,4,Fraunces Italic Black OpMax GoofyMax
NameArray:0,Win,1,Fraunces Italic Black OpMax GoofyMax
NameArray:0,Win,16,Fraunces Italic
%EndFont

%BeginFont
Handler:DirectoryHandler
FontType:Type1
FontName:Fraunces-ItalicBlackOpMin
FamilyName:Fraunces Italic
StyleName:Black OpMin GoofyMax
MenuName:Fraunces Italic Black OpMin GoofyMax
StyleBits:0
WeightClass:400
WidthClass:5
AngleClass:0
FullName:Fraunces Italic Black OpMin GoofyMax
WritingScript:Roman
OutlineFileName:/Users/ethan/Documents/GitHub/Fraunces/documentation/proofs/011220/Document fonts/Fraunces_Italic-Black_OpMin_GoofyMax.otf
DataFormat:sfntData
UsesStandardEncoding:yes
isCFF:yes
hasSVG:no
VariableFontType:NonVariableFont
FileLength:177196
FileModTime:600549408
NameArray:0,Mac,4,Fraunces Italic Black OpMin GoofyMax
NameArray:0,Win,1,Fraunces Italic Black OpMin GoofyMax
NameArray:0,Win,16,Fraunces Italic
%EndFont

%BeginFont
Handler:DirectoryHandler
FontType:Type1
FontName:Fraunces-LightOpMin
FamilyName:Fraunces
StyleName:Light OpMin GoofyMax
MenuName:Fraunces Light OpMin GoofyMax
StyleBits:0
WeightClass:400
WidthClass:5
AngleClass:0
FullName:Fraunces Light OpMin GoofyMax
WritingScript:Roman
OutlineFileName:/Users/ethan/Documents/GitHub/Fraunces/documentation/proofs/011220/Document fonts/Fraunces-Light_OpMin_GoofyMax.otf
DataFormat:sfntData
UsesStandardEncoding:yes
isCFF:yes
hasSVG:no
VariableFontType:NonVariableFont
FileLength:159696
FileModTime:600550097
NameArray:0,Mac,4,Fraunces Light OpMin GoofyMax
NameArray:0,Win,1,Fraunces Light OpMin GoofyMax
NameArray:0,Win,16,Fraunces
%EndFont

%BeginFont
Handler:DirectoryHandler
FontType:Type1
FontName:Fraunces-LightOpMaxGoofyMax
FamilyName:Fraunces
StyleName:Light OpMax GoofyMax
MenuName:Fraunces Light OpMax GoofyMax
StyleBits:0
WeightClass:400
WidthClass:5
AngleClass:0
FullName:Fraunces Light OpMax GoofyMax
WritingScript:Roman
OutlineFileName:/Users/ethan/Documents/GitHub/Fraunces/documentation/proofs/011220/Document fonts/Fraunces-Light_OpMax_GoofyMax.otf
DataFormat:sfntData
UsesStandardEncoding:yes
isCFF:yes
hasSVG:no
VariableFontType:NonVariableFont
FileLength:159448
FileModTime:600550268
NameArray:0,Mac,4,Fraunces Light OpMax GoofyMax
NameArray:0,Win,1,Fraunces Light OpMax GoofyMax
NameArray:0,Win,16,Fraunces
%EndFont

%BeginFont
Handler:DirectoryHandler
FontType:Invalid
OutlineFileName:/Users/ethan/Documents/GitHub/Fraunces/documentation/proofs/011220/Document fonts/IBM PLEX LICENSE.txt
FileLength:4456
FileModTime:600441518
%EndFont

%BeginFont
Handler:DirectoryHandler
FontType:Type1
FontName:Fraunces-BlackOpMin
FamilyName:Fraunces
StyleName:Black OpMin GoofyMax
MenuName:Fraunces Black OpMin GoofyMax
StyleBits:0
WeightClass:400
WidthClass:5
AngleClass:0
FullName:Fraunces Black OpMin GoofyMax
WritingScript:Roman
OutlineFileName:/Users/ethan/Documents/GitHub/Fraunces/documentation/proofs/011220/Document fonts/Fraunces-Black_OpMin_GoofyMax.otf
DataFormat:sfntData
UsesStandardEncoding:yes
isCFF:yes
hasSVG:no
VariableFontType:NonVariableFont
FileLength:168584
FileModTime:600550440
NameArray:0,Mac,4,Fraunces Black OpMin GoofyMax
NameArray:0,Win,1,Fraunces Black OpMin GoofyMax
NameArray:0,Win,16,Fraunces
%EndFont

%BeginFont
Handler:DirectoryHandler
FontType:Type1
FontName:Fraunces-BlackOpMaxGoofyMax
FamilyName:Fraunces
StyleName:Black OpMax GoofyMax
MenuName:Fraunces Black OpMax GoofyMax
StyleBits:0
WeightClass:400
WidthClass:5
AngleClass:0
FullName:Fraunces Black OpMax GoofyMax
WritingScript:Roman
OutlineFileName:/Users/ethan/Documents/GitHub/Fraunces/documentation/proofs/011220/Document fonts/Fraunces-Black_OpMax_GoofyMax.otf
DataFormat:sfntData
UsesStandardEncoding:yes
isCFF:yes
hasSVG:no
VariableFontType:NonVariableFont
FileLength:165676
FileModTime:600550611
NameArray:0,Mac,4,Fraunces Black OpMax GoofyMax
NameArray:0,Win,1,Fraunces Black OpMax GoofyMax
NameArray:0,Win,16,Fraunces
%EndFont

%BeginFont
Handler:DirectoryHandler
FontType:Type1
FontName:Fraunces-LightOpMaxGoofyMin
FamilyName:Fraunces
StyleName:Light Op Max Goofy Min
MenuName:Fraunces Light Op Max Goofy Min
StyleBits:0
WeightClass:400
WidthClass:5
AngleClass:0
FullName:Fraunces Light Op Max Goofy Min
WritingScript:Roman
OutlineFileName:/Users/ethan/Documents/GitHub/Fraunces/documentation/proofs/011220/Document fonts/Fraunces-LightOpMaxGoofyMin.otf
DataFormat:sfntData
UsesStandardEncoding:yes
isCFF:yes
hasSVG:no
VariableFontType:NonVariableFont
FileLength:15092
FileModTime:600441518
NameArray:0,Mac,4,Fraunces Light Op Max Goofy Min
NameArray:0,Win,1,Fraunces Light Op Max Goofy Min
NameArray:0,Win,16,Fraunces
%EndFont

%BeginFont
Handler:DirectoryHandler
FontType:Invalid
OutlineFileName:/Users/ethan/Documents/GitHub/Fraunces/documentation/proofs/011220/Document fonts/WebFonts Report.txt
FileLength:296477
FileModTime:600550611
%EndFont

%BeginFont
Handler:DirectoryHandler
FontType:Type1
FontName:IBMPlexMono-Bold
FamilyName:IBM Plex Mono
StyleName:Bold
MenuName:IBM Plex Mono
StyleBits:2
WeightClass:700
WidthClass:5
AngleClass:0
FullName:IBM Plex Mono Bold
WritingScript:Roman
OutlineFileName:/Users/ethan/Documents/GitHub/Fraunces/documentation/proofs/011220/Document fonts/IBMPlexMono-Bold.otf
DataFormat:sfntData
UsesStandardEncoding:yes
isCFF:yes
hasSVG:no
VariableFontType:NonVariableFont
FileLength:64980
FileModTime:600441518
NameArray:0,Mac,4,IBM Plex Mono Bold
NameArray:0,Win,1,IBM Plex Mono
%EndFont

%BeginFont
Handler:DirectoryHandler
FontType:Type1
FontName:Fraunces-ItalicLightOpMin
FamilyName:Fraunces Italic
StyleName:Light OpMin GoofyMax
MenuName:Fraunces Italic Light OpMin GoofyMax
StyleBits:0
WeightClass:400
WidthClass:5
AngleClass:0
FullName:Fraunces Italic Light OpMin GoofyMax
WritingScript:Roman
OutlineFileName:/Users/ethan/Documents/GitHub/Fraunces/documentation/proofs/011220/Document fonts/Fraunces_Italic-Light_OpMin_GoofyMax.otf
DataFormat:sfntData
UsesStandardEncoding:yes
isCFF:yes
hasSVG:no
VariableFontType:NonVariableFont
FileLength:62648
FileModTime:600549475
NameArray:0,Mac,4,Fraunces Italic Light OpMin GoofyMax
NameArray:0,Win,1,Fraunces Italic Light OpMin GoofyMax
NameArray:0,Win,16,Fraunces Italic
%EndFont

%BeginFont
Handler:DirectoryHandler
FontType:Type1
FontName:FrauncesItalic-LightOpMaxGoofyMax
FamilyName:Fraunces Italic
StyleName:Light OpMax GoofyMax
MenuName:Fraunces Italic Light OpMax GoofyMax
StyleBits:0
WeightClass:400
WidthClass:5
AngleClass:0
FullName:Fraunces Italic Light OpMax GoofyMax
WritingScript:Roman
OutlineFileName:/Users/ethan/Documents/GitHub/Fraunces/documentation/proofs/011220/Document fonts/FrauncesItalic-LightOpMaxGoofyMax.otf
DataFormat:sfntData
UsesStandardEncoding:yes
isCFF:yes
hasSVG:no
VariableFontType:NonVariableFont
FileLength:53008
FileModTime:600549809
NameArray:0,Mac,4,Fraunces Italic Light OpMax GoofyMax
NameArray:0,Win,1,Fraunces Italic Light OpMax GoofyMax
NameArray:0,Win,16,Fraunces Italic
%EndFont

%BeginFont
Handler:DirectoryHandler
FontType:Type1
FontName:Fraunces-ItalicBlackOptMax
FamilyName:Fraunces Italic
StyleName:Black OpMax GoofyMin
MenuName:Fraunces Italic Black OpMax GoofyMin
StyleBits:0
WeightClass:400
WidthClass:5
AngleClass:0
FullName:Fraunces Italic Black OpMax GoofyMin
WritingScript:Roman
OutlineFileName:/Users/ethan/Documents/GitHub/Fraunces/documentation/proofs/011220/Document fonts/Fraunces_Italic-Black_OpMax_GoofyMin.otf
DataFormat:sfntData
UsesStandardEncoding:yes
isCFF:yes
hasSVG:no
VariableFontType:NonVariableFont
FileLength:169616
FileModTime:600549361
NameArray:0,Mac,4,Fraunces Italic Black OpMax GoofyMin
NameArray:0,Win,1,Fraunces Italic Black OpMax GoofyMin
NameArray:0,Win,16,Fraunces Italic
%EndFont

%BeginFont
Handler:DirectoryHandler
FontType:Type1
FontName:FrauncesItalic-BlackOpMinGoofyMin
FamilyName:Fraunces Italic
StyleName:Black OpMin GoofyMin
MenuName:Fraunces Italic Black OpMin GoofyMin
StyleBits:0
WeightClass:400
WidthClass:5
AngleClass:0
FullName:Fraunces Italic Black OpMin GoofyMin
WritingScript:Roman
OutlineFileName:/Users/ethan/Documents/GitHub/Fraunces/documentation/proofs/011220/Document fonts/Fraunces_Italic-Black_OpMin_GoofyMin.otf
DataFormat:sfntData
UsesStandardEncoding:yes
isCFF:yes
hasSVG:no
VariableFontType:NonVariableFont
FileLength:175188
FileModTime:600549452
NameArray:0,Mac,4,Fraunces Italic Black OpMin GoofyMin
NameArray:0,Win,1,Fraunces Italic Black OpMin GoofyMin
NameArray:0,Win,16,Fraunces Italic
%EndFont

%BeginFont
Handler:DirectoryHandler
FontType:Type1
FontName:Fraunces-LightOpMinGoofyMin
FamilyName:Fraunces
StyleName:Light OpMin GoofyMin
MenuName:Fraunces Light OpMin GoofyMin
StyleBits:0
WeightClass:400
WidthClass:5
AngleClass:0
FullName:Fraunces Light OpMin GoofyMin
WritingScript:Roman
OutlineFileName:/Users/ethan/Documents/GitHub/Fraunces/documentation/proofs/011220/Document fonts/Fraunces-Light_OpMin_GoofyMin.otf
DataFormat:sfntData
UsesStandardEncoding:yes
isCFF:yes
hasSVG:no
VariableFontType:NonVariableFont
FileLength:165528
FileModTime:600550005
NameArray:0,Mac,4,Fraunces Light OpMin GoofyMin
NameArray:0,Win,1,Fraunces Light OpMin GoofyMin
NameArray:0,Win,16,Fraunces
%EndFont

%BeginFont
Handler:DirectoryHandler
FontType:Type1
FontName:Fraunces-LightOpMax
FamilyName:Fraunces
StyleName:Light OpMax GoofyMin
MenuName:Fraunces Light OpMax GoofyMin
StyleBits:0
WeightClass:400
WidthClass:5
AngleClass:0
FullName:Fraunces Light OpMax GoofyMin
WritingScript:Roman
OutlineFileName:/Users/ethan/Documents/GitHub/Fraunces/documentation/proofs/011220/Document fonts/Fraunces-Light_OpMax_GoofyMin.otf
DataFormat:sfntData
UsesStandardEncoding:yes
isCFF:yes
hasSVG:no
VariableFontType:NonVariableFont
FileLength:159440
FileModTime:600550180
NameArray:0,Mac,4,Fraunces Light OpMax GoofyMin
NameArray:0,Win,1,Fraunces Light OpMax GoofyMin
NameArray:0,Win,16,Fraunces
%EndFont

%BeginFont
Handler:DirectoryHandler
FontType:Type1
FontName:Fraunces-BlackOpMinGoofyMin
FamilyName:Fraunces
StyleName:Black OpMin GoofyMin
MenuName:Fraunces Black OpMin GoofyMin
StyleBits:0
WeightClass:400
WidthClass:5
AngleClass:0
FullName:Fraunces Black OpMin GoofyMin
WritingScript:Roman
OutlineFileName:/Users/ethan/Documents/GitHub/Fraunces/documentation/proofs/011220/Document fonts/Fraunces-Black_OpMin_GoofyMin.otf
DataFormat:sfntData
UsesStandardEncoding:yes
isCFF:yes
hasSVG:no
VariableFontType:NonVariableFont
FileLength:166860
FileModTime:600550354
NameArray:0,Mac,4,Fraunces Black OpMin GoofyMin
NameArray:0,Win,1,Fraunces Black OpMin GoofyMin
NameArray:0,Win,16,Fraunces
%EndFont

%BeginFont
Handler:DirectoryHandler
FontType:Type1
FontName:Fraunces-BlackOptMax
FamilyName:Fraunces
StyleName:Black OpMax GoofyMin
MenuName:Fraunces Black OpMax GoofyMin
StyleBits:0
WeightClass:400
WidthClass:5
AngleClass:0
FullName:Fraunces Black OpMax GoofyMin
WritingScript:Roman
OutlineFileName:/Users/ethan/Documents/GitHub/Fraunces/documentation/proofs/011220/Document fonts/Fraunces-Black_OpMax_GoofyMin.otf
DataFormat:sfntData
UsesStandardEncoding:yes
isCFF:yes
hasSVG:no
VariableFontType:NonVariableFont
FileLength:163452
FileModTime:600550528
NameArray:0,Mac,4,Fraunces Black OpMax GoofyMin
NameArray:0,Win,1,Fraunces Black OpMax GoofyMin
NameArray:0,Win,16,Fraunces
%EndFont

%BeginFont
Handler:DirectoryHandler
FontType:Invalid
OutlineFileName:/Users/ethan/Documents/GitHub/Fraunces/documentation/proofs/011220/Document fonts/Fraunces_Italic-Light_OpMax_GoofyMin.otf
FileModTime:600549457
%EndFont

%BeginFont
Handler:DirectoryHandler
FontType:Type1
FontName:FrauncesItalic-LightOpMinGoofyMin
FamilyName:Fraunces Italic
StyleName:Light OpMin GoofyMin
MenuName:Fraunces Italic Light OpMin GoofyMin
StyleBits:0
WeightClass:400
WidthClass:5
AngleClass:0
FullName:Fraunces Italic Light OpMin GoofyMin
WritingScript:Roman
OutlineFileName:/Users/ethan/Documents/GitHub/Fraunces/documentation/proofs/011220/Document fonts/Fraunces_Italic-Light_OpMin_GoofyMin.otf
DataFormat:sfntData
UsesStandardEncoding:yes
isCFF:yes
hasSVG:no
VariableFontType:NonVariableFont
FileLength:60824
FileModTime:600549494
NameArray:0,Mac,4,Fraunces Italic Light OpMin GoofyMin
NameArray:0,Win,1,Fraunces Italic Light OpMin GoofyMin
NameArray:0,Win,16,Fraunces Italic
%EndFont

%BeginFont
Handler:DirectoryHandler
FontType:Type1
FontName:IBMPlexMono-Light
FamilyName:IBM Plex Mono
StyleName:Light
MenuName:IBM Plex Mono Light
StyleBits:0
WeightClass:300
WidthClass:5
AngleClass:0
FullName:IBM Plex Mono Light
WritingScript:Roman
OutlineFileName:/Users/ethan/Documents/GitHub/Fraunces/documentation/proofs/011220/Document fonts/IBMPlexMono-Light.otf
DataFormat:sfntData
UsesStandardEncoding:yes
isCFF:yes
hasSVG:no
VariableFontType:NonVariableFont
FileLength:62708
FileModTime:600441518
NameArray:0,Mac,4,IBM Plex Mono Light
NameArray:0,Win,1,IBM Plex Mono Light
NameArray:0,Win,16,IBM Plex Mono
%EndFont

